[rrfonline.unlockdesizn.com/alitufan/zeomart/index4.html]
[rrfonline.unlockdesizn.com/alitufan/zeomart/css/bootstrap.min.css]
[rrfonline.unlockdesizn.com/alitufan/zeomart/css/ace-responsive-menu.css]
[rrfonline.unlockdesizn.com/alitufan/zeomart/css/menu.css]
[rrfonline.unlockdesizn.com/alitufan/zeomart/css/fontawesome.css]
[rrfonline.unlockdesizn.com/alitufan/zeomart/css/flaticon.css]
[rrfonline.unlockdesizn.com/alitufan/zeomart/css/bootstrap-select.min.css]
[rrfonline.unlockdesizn.com/alitufan/zeomart/css/animate.css]
[rrfonline.unlockdesizn.com/alitufan/zeomart/css/slider.css]
[rrfonline.unlockdesizn.com/alitufan/zeomart/css/style.css]
[rrfonline.unlockdesizn.com/alitufan/zeomart/css/responsive.css]
[backblue.gif]
[fade.gif]
[index.html]
[rrfonline.unlockdesizn.com/alitufan/zeomart/images/favicon.ico]
[rrfonline.unlockdesizn.com/alitufan/zeomart/images/apple-touch-icon-60x60.png]
[rrfonline.unlockdesizn.com/alitufan/zeomart/images/apple-touch-icon-72x72.png]
[rrfonline.unlockdesizn.com/alitufan/zeomart/images/apple-touch-icon-114x114.png]
[rrfonline.unlockdesizn.com/alitufan/zeomart/images/apple-touch-icon-180x180.png]
[rrfonline.unlockdesizn.com/alitufan/zeomart/images/listing/sf1.png]
[rrfonline.unlockdesizn.com/alitufan/zeomart/images/listing/sf2.png]
[rrfonline.unlockdesizn.com/alitufan/zeomart/images/listing/sf3.png]
[rrfonline.unlockdesizn.com/alitufan/zeomart/images/listing/sf4.png]
[rrfonline.unlockdesizn.com/alitufan/zeomart/images/listing/sf5.png]
[rrfonline.unlockdesizn.com/alitufan/zeomart/page-help.html]
[rrfonline.unlockdesizn.com/alitufan/zeomart/page-account-wishlist.html]
[rrfonline.unlockdesizn.com/alitufan/zeomart/images/icons/flaticon-shopping-cart.svg]
[rrfonline.unlockdesizn.com/alitufan/zeomart/index1.html]
[rrfonline.unlockdesizn.com/alitufan/zeomart/index2.html]
[rrfonline.unlockdesizn.com/alitufan/zeomart/index3.html]
[rrfonline.unlockdesizn.com/alitufan/zeomart/index5.html]
[rrfonline.unlockdesizn.com/alitufan/zeomart/index6.html]
[rrfonline.unlockdesizn.com/alitufan/zeomart/index7.html]
[rrfonline.unlockdesizn.com/alitufan/zeomart/index8.html]
[rrfonline.unlockdesizn.com/alitufan/zeomart/index9.html]
[rrfonline.unlockdesizn.com/alitufan/zeomart/index10.html]
[rrfonline.unlockdesizn.com/alitufan/zeomart/page-shop-list-v1.html]
[rrfonline.unlockdesizn.com/alitufan/zeomart/page-shop-list-v2.html]
[rrfonline.unlockdesizn.com/alitufan/zeomart/page-shop-list-v3.html]
[rrfonline.unlockdesizn.com/alitufan/zeomart/page-shop-list-v4.html]
[rrfonline.unlockdesizn.com/alitufan/zeomart/page-shop-list-v5.html]
[rrfonline.unlockdesizn.com/alitufan/zeomart/page-shop-list-v6.html]
[rrfonline.unlockdesizn.com/alitufan/zeomart/page-shop-list-v7.html]
[rrfonline.unlockdesizn.com/alitufan/zeomart/page-shop-list-v8.html]
[rrfonline.unlockdesizn.com/alitufan/zeomart/page-shop-single-v1.html]
[rrfonline.unlockdesizn.com/alitufan/zeomart/page-shop-single-v2.html]
[rrfonline.unlockdesizn.com/alitufan/zeomart/page-shop-single-v3.html]
[rrfonline.unlockdesizn.com/alitufan/zeomart/page-shop-single-v4.html]
[rrfonline.unlockdesizn.com/alitufan/zeomart/page-shop-single-v5.html]
[rrfonline.unlockdesizn.com/alitufan/zeomart/page-shop-single-color-switch.html]
[rrfonline.unlockdesizn.com/alitufan/zeomart/page-shop-single-image-switch.html]
[rrfonline.unlockdesizn.com/alitufan/zeomart/page-shop-single-countdown.html]
[rrfonline.unlockdesizn.com/alitufan/zeomart/page-shop-single-external-product.html]
[rrfonline.unlockdesizn.com/alitufan/zeomart/page-shop-single-grouped-product.html]
[rrfonline.unlockdesizn.com/alitufan/zeomart/page-shop-single-bought-together.html]
[rrfonline.unlockdesizn.com/alitufan/zeomart/page-dashboard.html]
[rrfonline.unlockdesizn.com/alitufan/zeomart/page-dashboard-order.html]
[rrfonline.unlockdesizn.com/alitufan/zeomart/page-login.html]
[rrfonline.unlockdesizn.com/alitufan/zeomart/page-shop-cart.html]
[rrfonline.unlockdesizn.com/alitufan/zeomart/page-shop-checkout.html]
[rrfonline.unlockdesizn.com/alitufan/zeomart/page-shop-order-received.html]
[rrfonline.unlockdesizn.com/alitufan/zeomart/page-account-details.html]
[rrfonline.unlockdesizn.com/alitufan/zeomart/page-compare.html]
[rrfonline.unlockdesizn.com/alitufan/zeomart/page-order-tracking.html]
[rrfonline.unlockdesizn.com/alitufan/zeomart/images/banner/smartwatch.png]
[rrfonline.unlockdesizn.com/alitufan/zeomart/images/banner/earphone.png]
[rrfonline.unlockdesizn.com/alitufan/zeomart/page-about.html]
[rrfonline.unlockdesizn.com/alitufan/zeomart/page-account-order.html]
[rrfonline.unlockdesizn.com/alitufan/zeomart/page-account-address.html]
[rrfonline.unlockdesizn.com/alitufan/zeomart/page-account-invoice.html]
[rrfonline.unlockdesizn.com/alitufan/zeomart/page-become-vendor.html]
[rrfonline.unlockdesizn.com/alitufan/zeomart/page-vendor-list.html]
[rrfonline.unlockdesizn.com/alitufan/zeomart/page-vendor-single.html]
[rrfonline.unlockdesizn.com/alitufan/zeomart/page-dashboard-products.html]
[rrfonline.unlockdesizn.com/alitufan/zeomart/page-dashboard-customer.html]
[rrfonline.unlockdesizn.com/alitufan/zeomart/page-dashboard-categories.html]
[rrfonline.unlockdesizn.com/alitufan/zeomart/page-dashboard-message.html]
[rrfonline.unlockdesizn.com/alitufan/zeomart/page-dashboard-setting.html]
[rrfonline.unlockdesizn.com/alitufan/zeomart/page-brands.html]
[rrfonline.unlockdesizn.com/alitufan/zeomart/page-contact.html]
[rrfonline.unlockdesizn.com/alitufan/zeomart/page-coming-soon.html]
[rrfonline.unlockdesizn.com/alitufan/zeomart/page-error.html]
[rrfonline.unlockdesizn.com/alitufan/zeomart/page-faq.html]
[rrfonline.unlockdesizn.com/alitufan/zeomart/page-invoices.html]
[rrfonline.unlockdesizn.com/alitufan/zeomart/page-register.html]
[rrfonline.unlockdesizn.com/alitufan/zeomart/page-terms.html]
[rrfonline.unlockdesizn.com/alitufan/zeomart/page-ui-element.html]
[rrfonline.unlockdesizn.com/alitufan/zeomart/page-blog-grid.html]
[rrfonline.unlockdesizn.com/alitufan/zeomart/page-blog-grid-sidebar.html]
[rrfonline.unlockdesizn.com/alitufan/zeomart/page-blog-details.html]
[rrfonline.unlockdesizn.com/alitufan/zeomart/page-blog-list.html]
[rrfonline.unlockdesizn.com/alitufan/zeomart/page-blog-single.html]
[rrfonline.unlockdesizn.com/alitufan/zeomart/page-blog-single2.html]
[rrfonline.unlockdesizn.com/alitufan/zeomart/images/shop/s1.png]
[rrfonline.unlockdesizn.com/alitufan/zeomart/images/shop/s2.png]
[rrfonline.unlockdesizn.com/alitufan/zeomart/images/banner/home4-hero-banner.png]
[rrfonline.unlockdesizn.com/alitufan/zeomart/images/banner/banner-iphone.png]
[rrfonline.unlockdesizn.com/alitufan/zeomart/images/banner/banner-belt.png]
[rrfonline.unlockdesizn.com/alitufan/zeomart/images/banner/toilet-paper.png]
[rrfonline.unlockdesizn.com/alitufan/zeomart/images/banner/shoe.png]
[rrfonline.unlockdesizn.com/alitufan/zeomart/images/banner/bag.png]
[rrfonline.unlockdesizn.com/alitufan/zeomart/images/banner/women-sports-product.png]
[rrfonline.unlockdesizn.com/alitufan/zeomart/images/shop-items/epb1.png]
[rrfonline.unlockdesizn.com/alitufan/zeomart/images/shop-items/epb2.png]
[rrfonline.unlockdesizn.com/alitufan/zeomart/images/shop-items/epb3.png]
[rrfonline.unlockdesizn.com/alitufan/zeomart/images/shop-items/epb4.png]
[rrfonline.unlockdesizn.com/alitufan/zeomart/images/shop-items/epb5.png]
[rrfonline.unlockdesizn.com/alitufan/zeomart/images/shop-items/epb6.png]
[rrfonline.unlockdesizn.com/alitufan/zeomart/images/shop-items/epb7.png]
[rrfonline.unlockdesizn.com/alitufan/zeomart/images/shop-items/epb8.png]
[rrfonline.unlockdesizn.com/alitufan/zeomart/images/shop-items/belt-home4.png]
[rrfonline.unlockdesizn.com/alitufan/zeomart/images/shop-items/mascara-home4.png]
[rrfonline.unlockdesizn.com/alitufan/zeomart/images/shop-items/bslm1.png]
[rrfonline.unlockdesizn.com/alitufan/zeomart/images/shop-items/bslm2.png]
[rrfonline.unlockdesizn.com/alitufan/zeomart/images/shop-items/bslm3.png]
[rrfonline.unlockdesizn.com/alitufan/zeomart/images/shop-items/bslm4.png]
[rrfonline.unlockdesizn.com/alitufan/zeomart/images/shop-items/bslm5.png]
[rrfonline.unlockdesizn.com/alitufan/zeomart/images/shop-items/ring-home4.png]
[rrfonline.unlockdesizn.com/alitufan/zeomart/images/banner/banner7-home4.png]
[rrfonline.unlockdesizn.com/alitufan/zeomart/images/shop-items/shop-item3.png]
[rrfonline.unlockdesizn.com/alitufan/zeomart/images/shop-items/shop-item23.png]
[rrfonline.unlockdesizn.com/alitufan/zeomart/images/shop-items/shop-item24.png]
[rrfonline.unlockdesizn.com/alitufan/zeomart/images/shop-items/shop-item25.png]
[rrfonline.unlockdesizn.com/alitufan/zeomart/images/shop-items/shop-item26.png]
[rrfonline.unlockdesizn.com/alitufan/zeomart/images/banner/banner8-home4.png]
[rrfonline.unlockdesizn.com/alitufan/zeomart/images/shop-items/consol-table-home4.png]
[rrfonline.unlockdesizn.com/alitufan/zeomart/images/shop-items/swivel-office-chair-home4.png]
[rrfonline.unlockdesizn.com/alitufan/zeomart/images/shop-items/upholstered-home4.png]
[rrfonline.unlockdesizn.com/alitufan/zeomart/images/shop-items/makeup-tool-home4.png]
[rrfonline.unlockdesizn.com/alitufan/zeomart/images/shop-items/swivel-chair-home4.png]
[rrfonline.unlockdesizn.com/alitufan/zeomart/images/banner/banner9-home4.png]
[rrfonline.unlockdesizn.com/alitufan/zeomart/images/shop-items/olaplex-home4.png]
[rrfonline.unlockdesizn.com/alitufan/zeomart/images/shop-items/denorex-home4.png]
[rrfonline.unlockdesizn.com/alitufan/zeomart/images/shop-items/cream-home4.png]
[rrfonline.unlockdesizn.com/alitufan/zeomart/images/shop-items/shampoo-home4.png]
[rrfonline.unlockdesizn.com/alitufan/zeomart/images/banner/banner10-home4.png]
[rrfonline.unlockdesizn.com/alitufan/zeomart/images/shop-items/huddy-home4.png]
[rrfonline.unlockdesizn.com/alitufan/zeomart/images/shop-items/slipper-home4.png]
[rrfonline.unlockdesizn.com/alitufan/zeomart/images/shop-items/undergarment-home4.png]
[rrfonline.unlockdesizn.com/alitufan/zeomart/images/shop-items/crossbodybag-home4.png]
[rrfonline.unlockdesizn.com/alitufan/zeomart/images/shop-items/epc1.png]
[rrfonline.unlockdesizn.com/alitufan/zeomart/images/shop-items/epc2.png]
[rrfonline.unlockdesizn.com/alitufan/zeomart/images/shop-items/epc3.png]
[rrfonline.unlockdesizn.com/alitufan/zeomart/images/shop-items/epc4.png]
[rrfonline.unlockdesizn.com/alitufan/zeomart/images/shop-items/epc5.png]
[rrfonline.unlockdesizn.com/alitufan/zeomart/images/shop-items/epc6.png]
[rrfonline.unlockdesizn.com/alitufan/zeomart/images/shop-items/epc7.png]
[rrfonline.unlockdesizn.com/alitufan/zeomart/images/shop-items/epc8.png]
[rrfonline.unlockdesizn.com/alitufan/zeomart/images/shop-items/epc9.png]
[rrfonline.unlockdesizn.com/alitufan/zeomart/images/shop-items/epc10.png]
[rrfonline.unlockdesizn.com/alitufan/zeomart/images/shop-items/bslm7.png]
[rrfonline.unlockdesizn.com/alitufan/zeomart/images/resource/visa-card.png]
[rrfonline.unlockdesizn.com/alitufan/zeomart/images/resource/master-card.png]
[rrfonline.unlockdesizn.com/alitufan/zeomart/images/resource/apple-pay.png]
[rrfonline.unlockdesizn.com/alitufan/zeomart/images/resource/discover-card.png]
[rrfonline.unlockdesizn.com/alitufan/zeomart/images/resource/paypal.png]
[rrfonline.unlockdesizn.com/alitufan/zeomart/images/resource/amex-card.png]
[rrfonline.unlockdesizn.com/alitufan/zeomart/js/jquery-migrate-3.0.0.min.js]
[rrfonline.unlockdesizn.com/alitufan/zeomart/js/popper.min.js]
[rrfonline.unlockdesizn.com/alitufan/zeomart/js/jquery-3.6.0.js]
[rrfonline.unlockdesizn.com/alitufan/zeomart/js/bootstrap.min.js]
[rrfonline.unlockdesizn.com/alitufan/zeomart/js/jquery.mmenu.all.js]
[rrfonline.unlockdesizn.com/alitufan/zeomart/js/bootstrap-select.min.js]
[rrfonline.unlockdesizn.com/alitufan/zeomart/js/ace-responsive-menu.js]
[rrfonline.unlockdesizn.com/alitufan/zeomart/js/jquery-scrolltofixed-min.js]
[rrfonline.unlockdesizn.com/alitufan/zeomart/js/wow.min.js]
[rrfonline.unlockdesizn.com/alitufan/zeomart/index4.html]
[rrfonline.unlockdesizn.com/alitufan/zeomart/css/bootstrap.min.css]
[rrfonline.unlockdesizn.com/alitufan/zeomart/css/ace-responsive-menu.css]
[rrfonline.unlockdesizn.com/alitufan/zeomart/js/script.js]
[rrfonline.unlockdesizn.com/alitufan/zeomart/js/slider.js]
[rrfonline.unlockdesizn.com/alitufan/zeomart/css/menu.css]
[rrfonline.unlockdesizn.com/alitufan/zeomart/fonts/webfonts/fa-brands-400.woff2]
[rrfonline.unlockdesizn.com/alitufan/zeomart/fonts/webfonts/fa-brands-400.woff]
[rrfonline.unlockdesizn.com/alitufan/zeomart/fonts/webfonts/fa-brands-400.ttf]
[rrfonline.unlockdesizn.com/alitufan/zeomart/fonts/webfonts/fa-duotone-900.woff2]
[rrfonline.unlockdesizn.com/alitufan/zeomart/fonts/webfonts/fa-duotone-900.woff]
[rrfonline.unlockdesizn.com/alitufan/zeomart/fonts/webfonts/fa-duotone-900.ttf]
[rrfonline.unlockdesizn.com/alitufan/zeomart/fonts/webfonts/fa-light-300.woff2]
[rrfonline.unlockdesizn.com/alitufan/zeomart/css/fontawesome.css]
[rrfonline.unlockdesizn.com/alitufan/zeomart/fonts/flaticon60b2.ttf]
[rrfonline.unlockdesizn.com/alitufan/zeomart/fonts/flaticon60b2.woff]
[rrfonline.unlockdesizn.com/alitufan/zeomart/fonts/flaticon60b2.eot]
[rrfonline.unlockdesizn.com/alitufan/zeomart/css/flaticon.css]
[rrfonline.unlockdesizn.com/alitufan/zeomart/css/bootstrap-select.min.css]
[rrfonline.unlockdesizn.com/alitufan/zeomart/css/animate.css]
[rrfonline.unlockdesizn.com/alitufan/zeomart/css/slider.css]
[rrfonline.unlockdesizn.com/alitufan/zeomart/images/background/footer-bg-img-home2.png]
[rrfonline.unlockdesizn.com/alitufan/zeomart/css/style.css]
[rrfonline.unlockdesizn.com/alitufan/zeomart/css/responsive.css]
[rrfonline.unlockdesizn.com/alitufan/zeomart/page-help.html]
[rrfonline.unlockdesizn.com/alitufan/zeomart/page-account-wishlist.html]
[rrfonline.unlockdesizn.com/alitufan/zeomart/images/icons/flaticon-shopping-cart.svg]
[rrfonline.unlockdesizn.com/alitufan/zeomart/images/desktop-nav-menu-dark.svg]
[rrfonline.unlockdesizn.com/alitufan/zeomart/index1.html]
[rrfonline.unlockdesizn.com/alitufan/zeomart/index2.html]
[rrfonline.unlockdesizn.com/alitufan/zeomart/index3.html]
[rrfonline.unlockdesizn.com/alitufan/zeomart/index5.html]
[rrfonline.unlockdesizn.com/alitufan/zeomart/index6.html]
[rrfonline.unlockdesizn.com/alitufan/zeomart/index7.html]
[rrfonline.unlockdesizn.com/alitufan/zeomart/index8.html]
[rrfonline.unlockdesizn.com/alitufan/zeomart/index9.html]
[rrfonline.unlockdesizn.com/alitufan/zeomart/index10.html]
[rrfonline.unlockdesizn.com/alitufan/zeomart/page-shop-list-v1.html]
[rrfonline.unlockdesizn.com/alitufan/zeomart/page-shop-list-v2.html]
[rrfonline.unlockdesizn.com/alitufan/zeomart/page-shop-list-v3.html]
[rrfonline.unlockdesizn.com/alitufan/zeomart/page-shop-list-v4.html]
[rrfonline.unlockdesizn.com/alitufan/zeomart/page-shop-list-v5.html]
[rrfonline.unlockdesizn.com/alitufan/zeomart/page-shop-list-v6.html]
[rrfonline.unlockdesizn.com/alitufan/zeomart/page-shop-list-v7.html]
[rrfonline.unlockdesizn.com/alitufan/zeomart/page-shop-list-v8.html]
[rrfonline.unlockdesizn.com/alitufan/zeomart/page-shop-single-v1.html]
[rrfonline.unlockdesizn.com/alitufan/zeomart/page-shop-single-v2.html]
[rrfonline.unlockdesizn.com/alitufan/zeomart/page-shop-single-v3.html]
[rrfonline.unlockdesizn.com/alitufan/zeomart/page-shop-single-v4.html]
[rrfonline.unlockdesizn.com/alitufan/zeomart/page-shop-single-v5.html]
[rrfonline.unlockdesizn.com/alitufan/zeomart/page-shop-single-color-switch.html]
[rrfonline.unlockdesizn.com/alitufan/zeomart/page-shop-single-image-switch.html]
[rrfonline.unlockdesizn.com/alitufan/zeomart/page-shop-single-countdown.html]
[rrfonline.unlockdesizn.com/alitufan/zeomart/page-shop-single-external-product.html]
[rrfonline.unlockdesizn.com/alitufan/zeomart/page-shop-single-grouped-product.html]
[rrfonline.unlockdesizn.com/alitufan/zeomart/page-shop-single-bought-together.html]
[rrfonline.unlockdesizn.com/alitufan/zeomart/page-dashboard.html]
[rrfonline.unlockdesizn.com/alitufan/zeomart/page-dashboard-order.html]
[rrfonline.unlockdesizn.com/alitufan/zeomart/page-dashboard-wish-list.html]
[rrfonline.unlockdesizn.com/alitufan/zeomart/page-dashboard-address.html]
[rrfonline.unlockdesizn.com/alitufan/zeomart/page-dashboard-account-details.html]
[rrfonline.unlockdesizn.com/alitufan/zeomart/page-login.html]
[rrfonline.unlockdesizn.com/alitufan/zeomart/page-shop-cart.html]
[rrfonline.unlockdesizn.com/alitufan/zeomart/page-shop-checkout.html]
[rrfonline.unlockdesizn.com/alitufan/zeomart/page-shop-order-received.html]
[rrfonline.unlockdesizn.com/alitufan/zeomart/page-account-details.html]
[rrfonline.unlockdesizn.com/alitufan/zeomart/page-compare.html]
[rrfonline.unlockdesizn.com/alitufan/zeomart/page-order-tracking.html]
[rrfonline.unlockdesizn.com/alitufan/zeomart/page-about.html]
[rrfonline.unlockdesizn.com/alitufan/zeomart/page-account-order.html]
[rrfonline.unlockdesizn.com/alitufan/zeomart/page-account-address.html]
[rrfonline.unlockdesizn.com/alitufan/zeomart/page-account-invoice.html]
[rrfonline.unlockdesizn.com/alitufan/zeomart/page-become-vendor.html]
[rrfonline.unlockdesizn.com/alitufan/zeomart/page-vendor-list.html]
[rrfonline.unlockdesizn.com/alitufan/zeomart/page-vendor-single.html]
[rrfonline.unlockdesizn.com/alitufan/zeomart/page-dashboard-products.html]
[rrfonline.unlockdesizn.com/alitufan/zeomart/page-dashboard-customer.html]
[rrfonline.unlockdesizn.com/alitufan/zeomart/page-dashboard-categories.html]
[rrfonline.unlockdesizn.com/alitufan/zeomart/page-dashboard-message.html]
[rrfonline.unlockdesizn.com/alitufan/zeomart/page-dashboard-setting.html]
[rrfonline.unlockdesizn.com/alitufan/zeomart/page-brands.html]
[rrfonline.unlockdesizn.com/alitufan/zeomart/page-contact.html]
[rrfonline.unlockdesizn.com/alitufan/zeomart/page-coming-soon.html]
[rrfonline.unlockdesizn.com/alitufan/zeomart/page-error.html]
[rrfonline.unlockdesizn.com/alitufan/zeomart/page-faq.html]
[rrfonline.unlockdesizn.com/alitufan/zeomart/page-invoices.html]
[rrfonline.unlockdesizn.com/alitufan/zeomart/page-register.html]
[rrfonline.unlockdesizn.com/alitufan/zeomart/page-terms.html]
[rrfonline.unlockdesizn.com/alitufan/zeomart/page-ui-element.html]
[rrfonline.unlockdesizn.com/alitufan/zeomart/page-blog-grid.html]
[rrfonline.unlockdesizn.com/alitufan/zeomart/page-blog-grid-sidebar.html]
[rrfonline.unlockdesizn.com/alitufan/zeomart/page-blog-details.html]
[rrfonline.unlockdesizn.com/alitufan/zeomart/page-blog-list.html]
[rrfonline.unlockdesizn.com/alitufan/zeomart/page-blog-single.html]
[rrfonline.unlockdesizn.com/alitufan/zeomart/page-blog-single2.html]
[rrfonline.unlockdesizn.com/alitufan/zeomart/images/icons/minus.svg]
[rrfonline.unlockdesizn.com/alitufan/zeomart/page-store-location.html]
[rrfonline.unlockdesizn.com/alitufan/zeomart/image/scale.html]
[rrfonline.unlockdesizn.com/alitufan/zeomart/fonts/webfonts/fa-duotone-900.woff2]
[rrfonline.unlockdesizn.com/alitufan/zeomart/fonts/webfonts/fa-duotone-900.woff]
[rrfonline.unlockdesizn.com/alitufan/zeomart/fonts/webfonts/fa-duotone-900.ttf]
[rrfonline.unlockdesizn.com/alitufan/zeomart/fonts/webfonts/fa-light-300.woff2]
[rrfonline.unlockdesizn.com/alitufan/zeomart/fonts/webfonts/fa-light-300.woff]
[rrfonline.unlockdesizn.com/alitufan/zeomart/fonts/webfonts/fa-light-300.ttf]
[rrfonline.unlockdesizn.com/alitufan/zeomart/fonts/webfonts/fa-regular-400.woff2]
[rrfonline.unlockdesizn.com/alitufan/zeomart/fonts/webfonts/fa-regular-400.woff]
[rrfonline.unlockdesizn.com/alitufan/zeomart/fonts/webfonts/fa-regular-400.ttf]
[rrfonline.unlockdesizn.com/alitufan/zeomart/fonts/webfonts/fa-solid-900.woff2]
[rrfonline.unlockdesizn.com/alitufan/zeomart/fonts/webfonts/fa-solid-900.woff]
[rrfonline.unlockdesizn.com/alitufan/zeomart/fonts/webfonts/fa-solid-900.ttf]
[rrfonline.unlockdesizn.com/alitufan/zeomart/fonts/webfonts/fa-thin-100.woff2]
[rrfonline.unlockdesizn.com/alitufan/zeomart/fonts/webfonts/fa-thin-100.woff]
[rrfonline.unlockdesizn.com/alitufan/zeomart/fonts/webfonts/fa-thin-100.ttf]
[rrfonline.unlockdesizn.com/alitufan/zeomart/fonts/flaticon60b2.ttf]
[rrfonline.unlockdesizn.com/alitufan/zeomart/fonts/flaticon60b2.woff]
[rrfonline.unlockdesizn.com/alitufan/zeomart/fonts/flaticon60b2.woff2]
[rrfonline.unlockdesizn.com/alitufan/zeomart/fonts/flaticon60b2.eot]
[rrfonline.unlockdesizn.com/alitufan/zeomart/fonts/flaticon60b2.svg]
[rrfonline.unlockdesizn.com/alitufan/zeomart/css/owl.video.play.png]
[rrfonline.unlockdesizn.com/alitufan/zeomart/images/icons/smile-star.svg]
[rrfonline.unlockdesizn.com/alitufan/zeomart/images/background/home2-bg2.png]
[rrfonline.unlockdesizn.com/alitufan/zeomart/images/background/home6-bg1.png]
[rrfonline.unlockdesizn.com/alitufan/zeomart/images/background/footer-bg-img-home2.png]
[rrfonline.unlockdesizn.com/alitufan/zeomart/images/background/inner-pagebg3.jpg]
[rrfonline.unlockdesizn.com/alitufan/zeomart/images/background/inner-pagebg4.jpg]
[rrfonline.unlockdesizn.com/alitufan/zeomart/images/background/logistic-service-concept.png]
[rrfonline.unlockdesizn.com/alitufan/zeomart/images/background/vendor-single-banner.jpg]
[rrfonline.unlockdesizn.com/alitufan/zeomart/images/preloader.gif]
[rrfonline.unlockdesizn.com/alitufan/zeomart/images/background/banner1.jpg]
[rrfonline.unlockdesizn.com/alitufan/zeomart/images/banner/banner1-home3.png]
[rrfonline.unlockdesizn.com/alitufan/zeomart/images/banner/large_banner_home7.png]
[rrfonline.unlockdesizn.com/alitufan/zeomart/images/background/tiny-divider-bg-home6.png]
[rrfonline.unlockdesizn.com/alitufan/zeomart/images/icons/flaticon-shopping-cart-white.svg]
[rrfonline.unlockdesizn.com/alitufan/zeomart/images/desktop-nav-menu-white.svg]
[rrfonline.unlockdesizn.com/alitufan/zeomart/js/parallax.js]
[rrfonline.unlockdesizn.com/alitufan/zeomart/js/scrollbalance.js]
[rrfonline.unlockdesizn.com/alitufan/zeomart/css/dashbord_navitaion.css]
[rrfonline.unlockdesizn.com/alitufan/zeomart/images/team/ad-thumb.png]
[rrfonline.unlockdesizn.com/alitufan/zeomart/images/shop-items/shop-item1.png]
[rrfonline.unlockdesizn.com/alitufan/zeomart/images/shop-items/shop-item2.png]
[rrfonline.unlockdesizn.com/alitufan/zeomart/images/shop-items/shop-item4.png]
[rrfonline.unlockdesizn.com/alitufan/zeomart/js/dashboard-script.js]
[rrfonline.unlockdesizn.com/alitufan/zeomart/images/home/1.jpg]
[rrfonline.unlockdesizn.com/alitufan/zeomart/images/home/2.jpg]
[rrfonline.unlockdesizn.com/alitufan/zeomart/images/home/5.jpg]
[rrfonline.unlockdesizn.com/alitufan/zeomart/images/shop-items/dd1.png]
[rrfonline.unlockdesizn.com/alitufan/zeomart/images/shop-items/dd2.png]
[rrfonline.unlockdesizn.com/alitufan/zeomart/images/shop-items/dd3.png]
[rrfonline.unlockdesizn.com/alitufan/zeomart/images/shop-items/dd4.png]
[rrfonline.unlockdesizn.com/alitufan/zeomart/images/shop-items/dd5.png]
[rrfonline.unlockdesizn.com/alitufan/zeomart/images/shop-items/ct1.png]
[rrfonline.unlockdesizn.com/alitufan/zeomart/images/shop-items/ct2.png]
[rrfonline.unlockdesizn.com/alitufan/zeomart/images/shop-items/ct3.png]
[rrfonline.unlockdesizn.com/alitufan/zeomart/images/shop-items/ct4.png]
[rrfonline.unlockdesizn.com/alitufan/zeomart/images/shop-items/ct5.png]
[rrfonline.unlockdesizn.com/alitufan/zeomart/images/shop-items/ct6.png]
[rrfonline.unlockdesizn.com/alitufan/zeomart/images/shop-items/ct7.png]
[rrfonline.unlockdesizn.com/alitufan/zeomart/images/shop-items/ct8.png]
[rrfonline.unlockdesizn.com/alitufan/zeomart/images/banner/smartdevice.png]
[rrfonline.unlockdesizn.com/alitufan/zeomart/images/banner/off-banner.png]
[rrfonline.unlockdesizn.com/alitufan/zeomart/images/shop-items/fp1.png]
[rrfonline.unlockdesizn.com/alitufan/zeomart/images/shop-items/fp2.png]
[rrfonline.unlockdesizn.com/alitufan/zeomart/images/shop-items/fp3.png]
[rrfonline.unlockdesizn.com/alitufan/zeomart/images/shop-items/fp4.png]
[rrfonline.unlockdesizn.com/alitufan/zeomart/images/shop-items/fp5.png]
[rrfonline.unlockdesizn.com/alitufan/zeomart/images/shop-items/ep1.png]
[rrfonline.unlockdesizn.com/alitufan/zeomart/images/shop-items/ep2.png]
[rrfonline.unlockdesizn.com/alitufan/zeomart/images/shop-items/ep3.png]
[rrfonline.unlockdesizn.com/alitufan/zeomart/images/shop-items/ep4.png]
[rrfonline.unlockdesizn.com/alitufan/zeomart/images/shop-items/ep5.png]
[rrfonline.unlockdesizn.com/alitufan/zeomart/images/banner/banner-img1.png]
[rrfonline.unlockdesizn.com/alitufan/zeomart/images/shop-items/hnap1.png]
[rrfonline.unlockdesizn.com/alitufan/zeomart/images/shop-items/hnap2.png]
[rrfonline.unlockdesizn.com/alitufan/zeomart/images/shop-items/hnap3.png]
[rrfonline.unlockdesizn.com/alitufan/zeomart/images/shop-items/hnap4.png]
[rrfonline.unlockdesizn.com/alitufan/zeomart/images/shop-items/hnap5.png]
[rrfonline.unlockdesizn.com/alitufan/zeomart/images/shop-items/hnap6.png]
[rrfonline.unlockdesizn.com/alitufan/zeomart/images/shop-items/hnap7.png]
[rrfonline.unlockdesizn.com/alitufan/zeomart/images/shop-items/hnap8.png]
[rrfonline.unlockdesizn.com/alitufan/zeomart/images/shop-items/hnap9.png]
[rrfonline.unlockdesizn.com/alitufan/zeomart/images/shop-items/hnap10.png]
[rrfonline.unlockdesizn.com/alitufan/zeomart/images/shop-items/hnap11.png]
[rrfonline.unlockdesizn.com/alitufan/zeomart/images/shop-items/hnap12.png]
[rrfonline.unlockdesizn.com/alitufan/zeomart/images/partners/1.png]
[rrfonline.unlockdesizn.com/alitufan/zeomart/images/partners/2.png]
[rrfonline.unlockdesizn.com/alitufan/zeomart/images/partners/3.png]
[rrfonline.unlockdesizn.com/alitufan/zeomart/images/partners/4.png]
[rrfonline.unlockdesizn.com/alitufan/zeomart/images/partners/5.png]
[rrfonline.unlockdesizn.com/alitufan/zeomart/images/partners/6.png]
[rrfonline.unlockdesizn.com/alitufan/zeomart/images/shop-items/home2-banner-item1.png]
[rrfonline.unlockdesizn.com/alitufan/zeomart/images/shop-items/home2-banner-item2.png]
[rrfonline.unlockdesizn.com/alitufan/zeomart/images/shop-items/sale-product1.png]
[rrfonline.unlockdesizn.com/alitufan/zeomart/images/shop-items/si-cap1.png]
[rrfonline.unlockdesizn.com/alitufan/zeomart/images/shop-items/si-sunglass1.png]
[rrfonline.unlockdesizn.com/alitufan/zeomart/images/shop-items/si-clock1.png]
[rrfonline.unlockdesizn.com/alitufan/zeomart/images/shop-items/si-gamesticks1.png]
[rrfonline.unlockdesizn.com/alitufan/zeomart/images/shop-items/si-printer1.png]
[rrfonline.unlockdesizn.com/alitufan/zeomart/images/shop-items/si-headphone1.png]
[rrfonline.unlockdesizn.com/alitufan/zeomart/images/shop-items/si-iphone1.png]
[rrfonline.unlockdesizn.com/alitufan/zeomart/images/shop-items/si-wallet1.png]
[rrfonline.unlockdesizn.com/alitufan/zeomart/images/shop-items/ctb1.png]
[rrfonline.unlockdesizn.com/alitufan/zeomart/images/shop-items/ctb2.png]
[rrfonline.unlockdesizn.com/alitufan/zeomart/images/shop-items/ctb3.png]
[rrfonline.unlockdesizn.com/alitufan/zeomart/images/shop-items/ctb4.png]
[rrfonline.unlockdesizn.com/alitufan/zeomart/images/shop-items/ctb5.png]
[rrfonline.unlockdesizn.com/alitufan/zeomart/images/shop-items/ctb6.png]
[rrfonline.unlockdesizn.com/alitufan/zeomart/images/shop-items/shop-item19.png]
[rrfonline.unlockdesizn.com/alitufan/zeomart/images/shop-items/shop-item20.png]
[rrfonline.unlockdesizn.com/alitufan/zeomart/images/shop-items/shop-item21.png]
[rrfonline.unlockdesizn.com/alitufan/zeomart/images/shop-items/shop-item22.png]
[rrfonline.unlockdesizn.com/alitufan/zeomart/images/shop-items/fp6.png]
[rrfonline.unlockdesizn.com/alitufan/zeomart/images/shop-items/fp7.png]
[rrfonline.unlockdesizn.com/alitufan/zeomart/images/shop-items/fp8.png]
[rrfonline.unlockdesizn.com/alitufan/zeomart/images/shop-items/fp9.png]
[rrfonline.unlockdesizn.com/alitufan/zeomart/images/shop-items/fp10.png]
[rrfonline.unlockdesizn.com/alitufan/zeomart/images/banner/smartdevice2.png]
[rrfonline.unlockdesizn.com/alitufan/zeomart/images/shop-items/bslm6.png]
[rrfonline.unlockdesizn.com/alitufan/zeomart/js/single-counter.js]
[rrfonline.unlockdesizn.com/alitufan/zeomart/images/background/home3-line.png]
[rrfonline.unlockdesizn.com/alitufan/zeomart/images/home/3.jpg]
[rrfonline.unlockdesizn.com/alitufan/zeomart/images/about/12.jpg]
[rrfonline.unlockdesizn.com/alitufan/zeomart/images/about/13.jpg]
[rrfonline.unlockdesizn.com/alitufan/zeomart/images/about/14.jpg]
[rrfonline.unlockdesizn.com/alitufan/zeomart/images/about/15.jpg]
[rrfonline.unlockdesizn.com/alitufan/zeomart/images/about/16.jpg]
[rrfonline.unlockdesizn.com/alitufan/zeomart/images/about/17.jpg]
[rrfonline.unlockdesizn.com/alitufan/zeomart/images/about/18.jpg]
[rrfonline.unlockdesizn.com/alitufan/zeomart/images/about/19.jpg]
[rrfonline.unlockdesizn.com/alitufan/zeomart/images/about/20.jpg]
[rrfonline.unlockdesizn.com/alitufan/zeomart/images/about/21.jpg]
[rrfonline.unlockdesizn.com/alitufan/zeomart/images/about/22.jpg]
[rrfonline.unlockdesizn.com/alitufan/zeomart/images/about/23.jpg]
[rrfonline.unlockdesizn.com/alitufan/zeomart/images/shop-items/shop-item27.png]
[rrfonline.unlockdesizn.com/alitufan/zeomart/images/shop-items/shop-item28.png]
[rrfonline.unlockdesizn.com/alitufan/zeomart/images/shop-items/shop-item29.png]
[rrfonline.unlockdesizn.com/alitufan/zeomart/images/shop-items/shop-item30.png]
[rrfonline.unlockdesizn.com/alitufan/zeomart/images/shop-items/shop-item31.png]
[rrfonline.unlockdesizn.com/alitufan/zeomart/images/banner/banner2-home3.png]
[rrfonline.unlockdesizn.com/alitufan/zeomart/images/shop-items/shop-item32.png]
[rrfonline.unlockdesizn.com/alitufan/zeomart/images/shop-items/shop-item34.png]
[rrfonline.unlockdesizn.com/alitufan/zeomart/images/shop-items/shop-item33.png]
[rrfonline.unlockdesizn.com/alitufan/zeomart/images/shop-items/shop-item35.png]
[rrfonline.unlockdesizn.com/alitufan/zeomart/images/shop-items/shop-item36.png]
[rrfonline.unlockdesizn.com/alitufan/zeomart/images/shop-items/shop-item37.png]
[rrfonline.unlockdesizn.com/alitufan/zeomart/images/shop/home3_ss1.png]
[rrfonline.unlockdesizn.com/alitufan/zeomart/images/shop/home3_ss2.png]
[rrfonline.unlockdesizn.com/alitufan/zeomart/images/shop/home3_ss3.png]
[rrfonline.unlockdesizn.com/alitufan/zeomart/images/shop/home3_ssl.png]
[rrfonline.unlockdesizn.com/alitufan/zeomart/images/blog/1.jpg]
[rrfonline.unlockdesizn.com/alitufan/zeomart/images/blog/2.jpg]
[rrfonline.unlockdesizn.com/alitufan/zeomart/images/blog/3.jpg]
[rrfonline.unlockdesizn.com/alitufan/zeomart/css/magnific-popup.css]
[rrfonline.unlockdesizn.com/alitufan/zeomart/index]
[rrfonline.unlockdesizn.com/alitufan/zeomart/index2]
[rrfonline.unlockdesizn.com/alitufan/zeomart/index3]
[rrfonline.unlockdesizn.com/alitufan/zeomart/images/about/7.jpg]
[rrfonline.unlockdesizn.com/alitufan/zeomart/images/about/8.jpg]
[rrfonline.unlockdesizn.com/alitufan/zeomart/images/about/9.jpg]
[rrfonline.unlockdesizn.com/alitufan/zeomart/images/about/10.jpg]
[rrfonline.unlockdesizn.com/alitufan/zeomart/images/banner/4.jpg]
[rrfonline.unlockdesizn.com/alitufan/zeomart/images/banner/5.jpg]
[rrfonline.unlockdesizn.com/alitufan/zeomart/images/shop/cart-img1-home5.png]
[rrfonline.unlockdesizn.com/alitufan/zeomart/images/shop/cart-img2-home5.png]
[rrfonline.unlockdesizn.com/alitufan/zeomart/images/shop/cart-img3-home5.png]
[rrfonline.unlockdesizn.com/alitufan/zeomart/images/about/11.jpg]
[rrfonline.unlockdesizn.com/alitufan/zeomart/images/about/popup-img.jpg]
[rrfonline.unlockdesizn.com/alitufan/zeomart/images/blog/insta1.jpg]
[rrfonline.unlockdesizn.com/alitufan/zeomart/images/blog/insta2.jpg]
[rrfonline.unlockdesizn.com/alitufan/zeomart/images/blog/insta3.jpg]
[rrfonline.unlockdesizn.com/alitufan/zeomart/images/blog/insta4.jpg]
[rrfonline.unlockdesizn.com/alitufan/zeomart/images/blog/insta5.jpg]
[rrfonline.unlockdesizn.com/alitufan/zeomart/js/isotop.js]
[rrfonline.unlockdesizn.com/alitufan/zeomart/js/swiper-slider.js]
[rrfonline.unlockdesizn.com/alitufan/zeomart/images/icons/flaticon-shopping-cart-blue.svg]
[rrfonline.unlockdesizn.com/alitufan/zeomart/images/home/home6-item.png]
[rrfonline.unlockdesizn.com/alitufan/zeomart/images/banner/hanpicked.png]
[rrfonline.unlockdesizn.com/alitufan/zeomart/images/shop-items/ct11.png]
[rrfonline.unlockdesizn.com/alitufan/zeomart/images/shop-items/ct9.png]
[rrfonline.unlockdesizn.com/alitufan/zeomart/images/shop-items/ct10.png]
[rrfonline.unlockdesizn.com/alitufan/zeomart/images/banner/headphone-buds-large.png]
[rrfonline.unlockdesizn.com/alitufan/zeomart/images/shop-items/home6-hp1.png]
[rrfonline.unlockdesizn.com/alitufan/zeomart/images/shop-items/home6-hp2.png]
[rrfonline.unlockdesizn.com/alitufan/zeomart/images/shop-items/home6-hp3.png]
[rrfonline.unlockdesizn.com/alitufan/zeomart/images/shop-items/home6-hp4.png]
[rrfonline.unlockdesizn.com/alitufan/zeomart/images/shop-items/home6-hp5.png]
[rrfonline.unlockdesizn.com/alitufan/zeomart/images/shop-items/home6-hp6.png]
[rrfonline.unlockdesizn.com/alitufan/zeomart/images/shop-items/shop-item43.png]
[rrfonline.unlockdesizn.com/alitufan/zeomart/images/shop-items/shop-item44.png]
[rrfonline.unlockdesizn.com/alitufan/zeomart/images/shop-items/shop-item45.png]
[rrfonline.unlockdesizn.com/alitufan/zeomart/images/shop-items/shop-item46.png]
[rrfonline.unlockdesizn.com/alitufan/zeomart/images/shop-items/shop-item47.png]
[rrfonline.unlockdesizn.com/alitufan/zeomart/images/shop-items/shop-item38.png]
[rrfonline.unlockdesizn.com/alitufan/zeomart/images/shop-items/shop-item39.png]
[rrfonline.unlockdesizn.com/alitufan/zeomart/images/shop-items/shop-item40.png]
[rrfonline.unlockdesizn.com/alitufan/zeomart/images/shop-items/shop-item41.png]
[rrfonline.unlockdesizn.com/alitufan/zeomart/images/shop-items/shop-item42.png]
[rrfonline.unlockdesizn.com/alitufan/zeomart/images/blog/22.jpg]
[rrfonline.unlockdesizn.com/alitufan/zeomart/images/blog/23.jpg]
[rrfonline.unlockdesizn.com/alitufan/zeomart/images/home/4.jpg]
[rrfonline.unlockdesizn.com/alitufan/zeomart/images/shop-items/shop-item48.png]
[rrfonline.unlockdesizn.com/alitufan/zeomart/images/shop-items/shop-item49.png]
[rrfonline.unlockdesizn.com/alitufan/zeomart/images/shop-items/shop-item50.png]
[rrfonline.unlockdesizn.com/alitufan/zeomart/images/shop-items/shop-item51.png]
[rrfonline.unlockdesizn.com/alitufan/zeomart/images/shop-items/shop-item52.png]
[rrfonline.unlockdesizn.com/alitufan/zeomart/images/shop-items/ct12.png]
[rrfonline.unlockdesizn.com/alitufan/zeomart/images/shop-items/ct13.png]
[rrfonline.unlockdesizn.com/alitufan/zeomart/images/shop-items/ct14.png]
[rrfonline.unlockdesizn.com/alitufan/zeomart/images/shop-items/ct15.png]
[rrfonline.unlockdesizn.com/alitufan/zeomart/images/shop-items/ct16.png]
[rrfonline.unlockdesizn.com/alitufan/zeomart/images/shop-items/ct17.png]
[rrfonline.unlockdesizn.com/alitufan/zeomart/images/shop-items/ct18.png]
[rrfonline.unlockdesizn.com/alitufan/zeomart/images/shop-items/ct19.png]
[rrfonline.unlockdesizn.com/alitufan/zeomart/images/banner/3.jpg]
[rrfonline.unlockdesizn.com/alitufan/zeomart/images/banner/pineapple.png]
[rrfonline.unlockdesizn.com/alitufan/zeomart/images/banner/sweet-shake.png]
[rrfonline.unlockdesizn.com/alitufan/zeomart/images/banner/off-banner2.png]
[rrfonline.unlockdesizn.com/alitufan/zeomart/images/shop-items/shop-item53.png]
[rrfonline.unlockdesizn.com/alitufan/zeomart/images/shop-items/shop-item54.png]
[rrfonline.unlockdesizn.com/alitufan/zeomart/images/shop-items/shop-item55.png]
[rrfonline.unlockdesizn.com/alitufan/zeomart/images/shop-items/shop-item56.png]
[rrfonline.unlockdesizn.com/alitufan/zeomart/images/shop-items/shop-item57.png]
[rrfonline.unlockdesizn.com/alitufan/zeomart/images/banner/banner1-home7.png]
[rrfonline.unlockdesizn.com/alitufan/zeomart/images/shop-items/shop-item71.png]
[rrfonline.unlockdesizn.com/alitufan/zeomart/images/shop-items/shop-item72.png]
[rrfonline.unlockdesizn.com/alitufan/zeomart/images/shop-items/shop-item73.png]
[rrfonline.unlockdesizn.com/alitufan/zeomart/images/shop-items/shop-item74.png]
[rrfonline.unlockdesizn.com/alitufan/zeomart/images/banner/banner2-home7.png]
[rrfonline.unlockdesizn.com/alitufan/zeomart/images/shop-items/shop-item67.png]
[rrfonline.unlockdesizn.com/alitufan/zeomart/images/shop-items/shop-item68.png]
[rrfonline.unlockdesizn.com/alitufan/zeomart/images/shop-items/shop-item69.png]
[rrfonline.unlockdesizn.com/alitufan/zeomart/images/shop-items/shop-item70.png]
[rrfonline.unlockdesizn.com/alitufan/zeomart/images/banner/banner3-home7.png]
[rrfonline.unlockdesizn.com/alitufan/zeomart/images/shop-items/shop-item63.png]
[rrfonline.unlockdesizn.com/alitufan/zeomart/images/shop-items/shop-item64.png]
[rrfonline.unlockdesizn.com/alitufan/zeomart/images/shop-items/shop-item65.png]
[rrfonline.unlockdesizn.com/alitufan/zeomart/images/shop-items/shop-item66.png]
[rrfonline.unlockdesizn.com/alitufan/zeomart/images/shop-items/shop-item58.png]
[rrfonline.unlockdesizn.com/alitufan/zeomart/images/shop-items/shop-item59.png]
[rrfonline.unlockdesizn.com/alitufan/zeomart/images/shop-items/shop-item60.png]
[rrfonline.unlockdesizn.com/alitufan/zeomart/images/shop-items/shop-item61.png]
[rrfonline.unlockdesizn.com/alitufan/zeomart/images/banner/off-banner3.png]
[rrfonline.unlockdesizn.com/alitufan/zeomart/images/banner/thermometer-facemask.png]
[rrfonline.unlockdesizn.com/alitufan/zeomart/images/shop-items/ct20.png]
[rrfonline.unlockdesizn.com/alitufan/zeomart/images/shop-items/ct21.png]
[rrfonline.unlockdesizn.com/alitufan/zeomart/images/shop-items/ct22.png]
[rrfonline.unlockdesizn.com/alitufan/zeomart/images/shop-items/ct23.png]
[rrfonline.unlockdesizn.com/alitufan/zeomart/images/shop-items/ct24.png]
[rrfonline.unlockdesizn.com/alitufan/zeomart/images/shop-items/ct25.png]
[rrfonline.unlockdesizn.com/alitufan/zeomart/images/shop-items/shop-item120.png]
[rrfonline.unlockdesizn.com/alitufan/zeomart/images/shop-items/shop-item121.png]
[rrfonline.unlockdesizn.com/alitufan/zeomart/images/shop-items/shop-item122.png]
[rrfonline.unlockdesizn.com/alitufan/zeomart/images/shop-items/shop-item116.png]
[rrfonline.unlockdesizn.com/alitufan/zeomart/images/shop-items/shop-item111.png]
[rrfonline.unlockdesizn.com/alitufan/zeomart/images/banner/thermometer.png]
[rrfonline.unlockdesizn.com/alitufan/zeomart/images/banner/sanitizer.png]
[rrfonline.unlockdesizn.com/alitufan/zeomart/images/banner/fmask.png]
[rrfonline.unlockdesizn.com/alitufan/zeomart/images/shop-items/shop-item110.png]
[rrfonline.unlockdesizn.com/alitufan/zeomart/images/shop-items/shop-item112.png]
[rrfonline.unlockdesizn.com/alitufan/zeomart/images/shop-items/shop-item113.png]
[rrfonline.unlockdesizn.com/alitufan/zeomart/images/shop-items/shop-item114.png]
[rrfonline.unlockdesizn.com/alitufan/zeomart/images/shop-items/shop-item115.png]
[rrfonline.unlockdesizn.com/alitufan/zeomart/images/shop-items/shop-item117.png]
[rrfonline.unlockdesizn.com/alitufan/zeomart/images/shop-items/shop-item118.png]
[rrfonline.unlockdesizn.com/alitufan/zeomart/images/shop-items/shop-item119.png]
[rrfonline.unlockdesizn.com/alitufan/zeomart/images/team/testimonials1.png]
[rrfonline.unlockdesizn.com/alitufan/zeomart/images/shop-items/shop-item104.png]
[rrfonline.unlockdesizn.com/alitufan/zeomart/images/shop-items/shop-item105.png]
[rrfonline.unlockdesizn.com/alitufan/zeomart/images/shop-items/shop-item106.png]
[rrfonline.unlockdesizn.com/alitufan/zeomart/images/shop-items/shop-item107.png]
[rrfonline.unlockdesizn.com/alitufan/zeomart/images/shop-items/shop-item108.png]
[rrfonline.unlockdesizn.com/alitufan/zeomart/images/shop-items/shop-item109.png]
[rrfonline.unlockdesizn.com/alitufan/zeomart/images/blog/31.jpg]
[rrfonline.unlockdesizn.com/alitufan/zeomart/images/blog/32.jpg]
[rrfonline.unlockdesizn.com/alitufan/zeomart/images/blog/33.jpg]
[rrfonline.unlockdesizn.com/alitufan/zeomart/images/home/6.jpg]
[rrfonline.unlockdesizn.com/alitufan/zeomart/images/shop-items/shop-item79.png]
[rrfonline.unlockdesizn.com/alitufan/zeomart/images/shop-items/shop-item80.png]
[rrfonline.unlockdesizn.com/alitufan/zeomart/images/shop-items/shop-item81.png]
[rrfonline.unlockdesizn.com/alitufan/zeomart/images/shop-items/shop-item82.png]
[rrfonline.unlockdesizn.com/alitufan/zeomart/images/shop-items/shop-item83.png]
[rrfonline.unlockdesizn.com/alitufan/zeomart/images/banner/banner1-home9.png]
[rrfonline.unlockdesizn.com/alitufan/zeomart/images/banner/banner2-home9.png]
[rrfonline.unlockdesizn.com/alitufan/zeomart/images/shop-items/shop-item84.png]
[rrfonline.unlockdesizn.com/alitufan/zeomart/images/shop-items/shop-item85.png]
[rrfonline.unlockdesizn.com/alitufan/zeomart/images/shop-items/shop-item86.png]
[rrfonline.unlockdesizn.com/alitufan/zeomart/images/shop-items/shop-item87.png]
[rrfonline.unlockdesizn.com/alitufan/zeomart/images/shop-items/shop-item88.png]
[rrfonline.unlockdesizn.com/alitufan/zeomart/images/shop-items/shop-item75.png]
[rrfonline.unlockdesizn.com/alitufan/zeomart/images/shop-items/shop-item76.png]
[rrfonline.unlockdesizn.com/alitufan/zeomart/images/shop-items/shop-item77.png]
[rrfonline.unlockdesizn.com/alitufan/zeomart/images/shop-items/shop-item78.png]
[rrfonline.unlockdesizn.com/alitufan/zeomart/images/blog/28.jpg]
[rrfonline.unlockdesizn.com/alitufan/zeomart/images/blog/29.jpg]
[rrfonline.unlockdesizn.com/alitufan/zeomart/images/blog/30.jpg]
[rrfonline.unlockdesizn.com/alitufan/zeomart/images/home/7.jpg]
[rrfonline.unlockdesizn.com/alitufan/zeomart/images/about/30.jpg]
[rrfonline.unlockdesizn.com/alitufan/zeomart/images/about/31.jpg]
[rrfonline.unlockdesizn.com/alitufan/zeomart/images/about/33.jpg]
[rrfonline.unlockdesizn.com/alitufan/zeomart/images/about/32.jpg]
[rrfonline.unlockdesizn.com/alitufan/zeomart/images/shop-items/shop-item89.png]
[rrfonline.unlockdesizn.com/alitufan/zeomart/images/shop-items/shop-item90.png]
[rrfonline.unlockdesizn.com/alitufan/zeomart/images/shop-items/shop-item91.png]
[rrfonline.unlockdesizn.com/alitufan/zeomart/images/shop-items/shop-item92.png]
[rrfonline.unlockdesizn.com/alitufan/zeomart/images/shop-items/shop-item93.png]
[rrfonline.unlockdesizn.com/alitufan/zeomart/images/shop-items/shop-item94.png]
[rrfonline.unlockdesizn.com/alitufan/zeomart/images/shop-items/shop-item95.png]
[rrfonline.unlockdesizn.com/alitufan/zeomart/images/shop-items/shop-item96.png]
[rrfonline.unlockdesizn.com/alitufan/zeomart/images/shop-items/shop-item97.png]
[rrfonline.unlockdesizn.com/alitufan/zeomart/images/shop-items/shop-item98.png]
[rrfonline.unlockdesizn.com/alitufan/zeomart/images/about/25.jpg]
[rrfonline.unlockdesizn.com/alitufan/zeomart/images/shop-items/shop-item99.png]
[rrfonline.unlockdesizn.com/alitufan/zeomart/images/shop-items/shop-item100.png]
[rrfonline.unlockdesizn.com/alitufan/zeomart/images/shop-items/shop-item101.png]
[rrfonline.unlockdesizn.com/alitufan/zeomart/images/shop-items/shop-item102.png]
[rrfonline.unlockdesizn.com/alitufan/zeomart/images/shop-items/shop-item103.png]
[rrfonline.unlockdesizn.com/alitufan/zeomart/images/shop/ss1home10-style.png]
[rrfonline.unlockdesizn.com/alitufan/zeomart/images/shop/ss2home10-style.png]
[rrfonline.unlockdesizn.com/alitufan/zeomart/images/shop/ss3home10-style.png]
[rrfonline.unlockdesizn.com/alitufan/zeomart/images/shop/ssl1home10-style.png]
[rrfonline.unlockdesizn.com/alitufan/zeomart/images/banner/banner1-home10.png]
[rrfonline.unlockdesizn.com/alitufan/zeomart/images/about/26.jpg]
[rrfonline.unlockdesizn.com/alitufan/zeomart/images/about/27.jpg]
[rrfonline.unlockdesizn.com/alitufan/zeomart/images/about/28.jpg]
[rrfonline.unlockdesizn.com/alitufan/zeomart/images/about/29.jpg]
[rrfonline.unlockdesizn.com/alitufan/zeomart/css/jquery-ui.min.css]
[rrfonline.unlockdesizn.com/alitufan/zeomart/images/background/shop-listing-v1.jpg]
[rrfonline.unlockdesizn.com/alitufan/zeomart/images/background/shop-listing-v2.jpg]
[rrfonline.unlockdesizn.com/alitufan/zeomart/images/background/shop-listing-v7.jpg]
[rrfonline.unlockdesizn.com/alitufan/zeomart/images/shop-items/win-laptop-sm.png]
[rrfonline.unlockdesizn.com/alitufan/zeomart/images/shop-items/macbook-sm.png]
[rrfonline.unlockdesizn.com/alitufan/zeomart/images/shop-items/chromebook-sm.png]
[rrfonline.unlockdesizn.com/alitufan/zeomart/images/shop-items/gaming-laptop-sm.png]
[rrfonline.unlockdesizn.com/alitufan/zeomart/images/shop-items/twinone-laptop-sm.png]
[rrfonline.unlockdesizn.com/alitufan/zeomart/images/shop-items/cable-charger-sm.png]
[rrfonline.unlockdesizn.com/alitufan/zeomart/images/shop-items/keyboard-sm.png]
[rrfonline.unlockdesizn.com/alitufan/zeomart/images/shop-items/shop-item7.png]
[rrfonline.unlockdesizn.com/alitufan/zeomart/images/shop-items/shop-item5.png]
[rrfonline.unlockdesizn.com/alitufan/zeomart/images/shop-items/shop-item6.png]
[rrfonline.unlockdesizn.com/alitufan/zeomart/images/shop-items/shop-item10.png]
[rrfonline.unlockdesizn.com/alitufan/zeomart/images/shop-items/shop-item8.png]
[rrfonline.unlockdesizn.com/alitufan/zeomart/images/shop-items/shop-item11.png]
[rrfonline.unlockdesizn.com/alitufan/zeomart/images/shop-items/shop-item12.png]
[rrfonline.unlockdesizn.com/alitufan/zeomart/images/shop-items/shop-item15.png]
[rrfonline.unlockdesizn.com/alitufan/zeomart/images/shop-items/shop-item16.png]
[rrfonline.unlockdesizn.com/alitufan/zeomart/images/shop-items/shop-item17.png]
[rrfonline.unlockdesizn.com/alitufan/zeomart/images/shop-items/shop-item14.png]
[rrfonline.unlockdesizn.com/alitufan/zeomart/images/shop-items/shop-item13.png]
[rrfonline.unlockdesizn.com/alitufan/zeomart/js/pricing-slider.js]
[rrfonline.unlockdesizn.com/alitufan/zeomart/images/shop-items/shop-item18.png]
[rrfonline.unlockdesizn.com/alitufan/zeomart/images/shop-items/shop-item9.png]
[rrfonline.unlockdesizn.com/alitufan/zeomart/images/background/shop-listing-v6.jpg]
[rrfonline.unlockdesizn.com/alitufan/zeomart/images/shop/ss1.png]
[rrfonline.unlockdesizn.com/alitufan/zeomart/images/shop/ss2.png]
[rrfonline.unlockdesizn.com/alitufan/zeomart/images/shop/ss3.png]
[rrfonline.unlockdesizn.com/alitufan/zeomart/images/blog/reviewer2.png]
[rrfonline.unlockdesizn.com/alitufan/zeomart/images/resource/review-img.png]
[rrfonline.unlockdesizn.com/alitufan/zeomart/js/jquery.ez-plus.js]
[rrfonline.unlockdesizn.com/alitufan/zeomart/images/shop-items/mouse.png]
[rrfonline.unlockdesizn.com/alitufan/zeomart/images/shop-items/keyboard.png]
[rrfonline.unlockdesizn.com/alitufan/zeomart/images/about/24.png]
[rrfonline.unlockdesizn.com/alitufan/zeomart/images/shop/ss4.png]
[rrfonline.unlockdesizn.com/alitufan/zeomart/images/shop/ss5.png]
[rrfonline.unlockdesizn.com/alitufan/zeomart/images/shop/sscw1.png]
[rrfonline.unlockdesizn.com/alitufan/zeomart/images/shop/sscw2.png]
[rrfonline.unlockdesizn.com/alitufan/zeomart/images/shop/sscw3.png]
[rrfonline.unlockdesizn.com/alitufan/zeomart/images/shop/sscw-lg.png]
[rrfonline.unlockdesizn.com/alitufan/zeomart/images/shop/sscw4.png]
[rrfonline.unlockdesizn.com/alitufan/zeomart/images/resource/user.png]
[rrfonline.unlockdesizn.com/alitufan/zeomart/images/resource/chart-up.png]
[rrfonline.unlockdesizn.com/alitufan/zeomart/images/resource/chart-down.png]
[rrfonline.unlockdesizn.com/alitufan/zeomart/images/resource/raimg1.png]
[rrfonline.unlockdesizn.com/alitufan/zeomart/images/resource/raimg2.png]
[rrfonline.unlockdesizn.com/alitufan/zeomart/js/chart.min.js]
[rrfonline.unlockdesizn.com/alitufan/zeomart/js/chart-custome.js]
[rrfonline.unlockdesizn.com/alitufan/zeomart/page-dashboard-product.html]
[rrfonline.unlockdesizn.com/alitufan/zeomart/images/shop/cart1.png]
[rrfonline.unlockdesizn.com/alitufan/zeomart/images/resource/order-tracking.png]
[rrfonline.unlockdesizn.com/alitufan/zeomart/images/about/1.jpg]
[rrfonline.unlockdesizn.com/alitufan/zeomart/images/about/2.jpg]
[rrfonline.unlockdesizn.com/alitufan/zeomart/images/about/3.jpg]
[rrfonline.unlockdesizn.com/alitufan/zeomart/images/about/4.jpg]
[rrfonline.unlockdesizn.com/alitufan/zeomart/images/about/5.jpg]
[rrfonline.unlockdesizn.com/alitufan/zeomart/images/about/6.jpg]
[rrfonline.unlockdesizn.com/alitufan/zeomart/images/team/1.jpg]
[rrfonline.unlockdesizn.com/alitufan/zeomart/images/team/2.jpg]
[rrfonline.unlockdesizn.com/alitufan/zeomart/images/team/3.jpg]
[rrfonline.unlockdesizn.com/alitufan/zeomart/images/team/4.jpg]
[rrfonline.unlockdesizn.com/alitufan/zeomart/js/jquery.counterup.js]
[rrfonline.unlockdesizn.com/alitufan/zeomart/images/icons/parcel-box.svg]
[rrfonline.unlockdesizn.com/alitufan/zeomart/images/icons/payment-card.svg]
[rrfonline.unlockdesizn.com/alitufan/zeomart/images/icons/online-support.svg]
[rrfonline.unlockdesizn.com/alitufan/zeomart/images/icons/step-1.svg]
[rrfonline.unlockdesizn.com/alitufan/zeomart/images/icons/step-2.svg]
[rrfonline.unlockdesizn.com/alitufan/zeomart/images/icons/step-3.svg]
[rrfonline.unlockdesizn.com/alitufan/zeomart/images/about/1.png]
[rrfonline.unlockdesizn.com/alitufan/zeomart/images/vendors/1.jpg]
[rrfonline.unlockdesizn.com/alitufan/zeomart/images/vendors/2.jpg]
[rrfonline.unlockdesizn.com/alitufan/zeomart/images/vendors/3.jpg]
[rrfonline.unlockdesizn.com/alitufan/zeomart/images/vendors/4.jpg]
[rrfonline.unlockdesizn.com/alitufan/zeomart/images/vendors/5.jpg]
[rrfonline.unlockdesizn.com/alitufan/zeomart/images/vendors/6.jpg]
[rrfonline.unlockdesizn.com/alitufan/zeomart/images/resource/avatar2.png]
[rrfonline.unlockdesizn.com/alitufan/zeomart/images/team/customer1.png]
[rrfonline.unlockdesizn.com/alitufan/zeomart/images/team/customer2.png]
[rrfonline.unlockdesizn.com/alitufan/zeomart/images/team/customer3.png]
[rrfonline.unlockdesizn.com/alitufan/zeomart/images/team/customer4.png]
[rrfonline.unlockdesizn.com/alitufan/zeomart/images/team/customer5.png]
[rrfonline.unlockdesizn.com/alitufan/zeomart/images/team/customer6.png]
[rrfonline.unlockdesizn.com/alitufan/zeomart/images/team/customer7.png]
[rrfonline.unlockdesizn.com/alitufan/zeomart/images/team/ms1.jpg]
[rrfonline.unlockdesizn.com/alitufan/zeomart/images/team/ms2.jpg]
[rrfonline.unlockdesizn.com/alitufan/zeomart/images/team/ms3.jpg]
[rrfonline.unlockdesizn.com/alitufan/zeomart/images/team/ms4.jpg]
[rrfonline.unlockdesizn.com/alitufan/zeomart/images/team/ms5.jpg]
[rrfonline.unlockdesizn.com/alitufan/zeomart/images/team/ms6.jpg]
[rrfonline.unlockdesizn.com/alitufan/zeomart/images/team/ms7.jpg]
[rrfonline.unlockdesizn.com/alitufan/zeomart/images/team/ms8.jpg]
[rrfonline.unlockdesizn.com/alitufan/zeomart/images/team/mm1.jpg]
[rrfonline.unlockdesizn.com/alitufan/zeomart/images/team/mm2.jpg]
[rrfonline.unlockdesizn.com/alitufan/zeomart/images/team/mm3.jpg]
[rrfonline.unlockdesizn.com/alitufan/zeomart/images/resource/avatar.png]
[rrfonline.unlockdesizn.com/alitufan/zeomart/js/googlemaps1.js]
[rrfonline.unlockdesizn.com/alitufan/zeomart/images/resource/coming-soon.svg]
[rrfonline.unlockdesizn.com/alitufan/zeomart/images/resource/error-page-img.svg]
[rrfonline.unlockdesizn.com/alitufan/zeomart/index4]
[rrfonline.unlockdesizn.com/alitufan/zeomart/index5]
[rrfonline.unlockdesizn.com/alitufan/zeomart/index6]
[rrfonline.unlockdesizn.com/alitufan/zeomart/index7]
[rrfonline.unlockdesizn.com/alitufan/zeomart/index8]
[rrfonline.unlockdesizn.com/alitufan/zeomart/index9]
[rrfonline.unlockdesizn.com/alitufan/zeomart/index10]
[rrfonline.unlockdesizn.com/alitufan/zeomart/images/blog/4.jpg]
[rrfonline.unlockdesizn.com/alitufan/zeomart/images/blog/5.jpg]
[rrfonline.unlockdesizn.com/alitufan/zeomart/images/blog/6.jpg]
[rrfonline.unlockdesizn.com/alitufan/zeomart/images/blog/7.jpg]
[rrfonline.unlockdesizn.com/alitufan/zeomart/images/blog/8.jpg]
[rrfonline.unlockdesizn.com/alitufan/zeomart/images/blog/9.jpg]
[rrfonline.unlockdesizn.com/alitufan/zeomart/images/blog/s1.jpg]
[rrfonline.unlockdesizn.com/alitufan/zeomart/images/blog/s2.jpg]
[rrfonline.unlockdesizn.com/alitufan/zeomart/images/blog/s3.jpg]
[rrfonline.unlockdesizn.com/alitufan/zeomart/images/blog/18.jpg]
[rrfonline.unlockdesizn.com/alitufan/zeomart/images/blog/19.jpg]
[rrfonline.unlockdesizn.com/alitufan/zeomart/images/blog/20.jpg]
[rrfonline.unlockdesizn.com/alitufan/zeomart/images/blog/21.jpg]
[rrfonline.unlockdesizn.com/alitufan/zeomart/images/blog/14.jpg]
[rrfonline.unlockdesizn.com/alitufan/zeomart/images/blog/15.jpg]
[rrfonline.unlockdesizn.com/alitufan/zeomart/images/blog/16.jpg]
[rrfonline.unlockdesizn.com/alitufan/zeomart/images/blog/17.jpg]
[rrfonline.unlockdesizn.com/alitufan/zeomart/images/blog/24.jpg]
[rrfonline.unlockdesizn.com/alitufan/zeomart/images/blog/26.jpg]
[rrfonline.unlockdesizn.com/alitufan/zeomart/images/blog/27.jpg]
[rrfonline.unlockdesizn.com/alitufan/zeomart/images/blog/reviewer1.png]
[rrfonline.unlockdesizn.com/alitufan/zeomart/images/resource/cube.svg]
[rrfonline.unlockdesizn.com/alitufan/zeomart/images/blog/25.jpg]
