[rrfonline.unlockdesizn.com/alitufan/zeomart/index4.html]
[rrfonline.unlockdesizn.com/alitufan/zeomart/css/bootstrap.min.css]
[rrfonline.unlockdesizn.com/alitufan/zeomart/css/ace-responsive-menu.css]
[rrfonline.unlockdesizn.com/alitufan/zeomart/css/menu.css]
[rrfonline.unlockdesizn.com/alitufan/zeomart/css/fontawesome.css]
[rrfonline.unlockdesizn.com/alitufan/zeomart/css/flaticon.css]
[rrfonline.unlockdesizn.com/alitufan/zeomart/css/bootstrap-select.min.css]
[rrfonline.unlockdesizn.com/alitufan/zeomart/css/animate.css]
[rrfonline.unlockdesizn.com/alitufan/zeomart/css/slider.css]
[rrfonline.unlockdesizn.com/alitufan/zeomart/css/style.css]
[rrfonline.unlockdesizn.com/alitufan/zeomart/css/responsive.css]
[backblue.gif]
[fade.gif]
[index.html]
[rrfonline.unlockdesizn.com/alitufan/zeomart/images/favicon.ico]
[rrfonline.unlockdesizn.com/alitufan/zeomart/images/apple-touch-icon-60x60.png]
[rrfonline.unlockdesizn.com/alitufan/zeomart/images/apple-touch-icon-72x72.png]
[rrfonline.unlockdesizn.com/alitufan/zeomart/images/apple-touch-icon-114x114.png]
[rrfonline.unlockdesizn.com/alitufan/zeomart/images/apple-touch-icon-180x180.png]
[rrfonline.unlockdesizn.com/alitufan/zeomart/images/listing/sf1.png]
[rrfonline.unlockdesizn.com/alitufan/zeomart/images/listing/sf2.png]
[rrfonline.unlockdesizn.com/alitufan/zeomart/images/listing/sf3.png]
[rrfonline.unlockdesizn.com/alitufan/zeomart/images/listing/sf4.png]
[rrfonline.unlockdesizn.com/alitufan/zeomart/images/listing/sf5.png]
[rrfonline.unlockdesizn.com/alitufan/zeomart/page-help.html]
[rrfonline.unlockdesizn.com/alitufan/zeomart/page-account-wishlist.html]
[rrfonline.unlockdesizn.com/alitufan/zeomart/images/icons/flaticon-shopping-cart.svg]
[rrfonline.unlockdesizn.com/alitufan/zeomart/index1.html]
[rrfonline.unlockdesizn.com/alitufan/zeomart/index2.html]
[rrfonline.unlockdesizn.com/alitufan/zeomart/index3.html]
[rrfonline.unlockdesizn.com/alitufan/zeomart/index5.html]
[rrfonline.unlockdesizn.com/alitufan/zeomart/index6.html]
[rrfonline.unlockdesizn.com/alitufan/zeomart/index7.html]
[rrfonline.unlockdesizn.com/alitufan/zeomart/index8.html]
[rrfonline.unlockdesizn.com/alitufan/zeomart/index9.html]
[rrfonline.unlockdesizn.com/alitufan/zeomart/index10.html]
[rrfonline.unlockdesizn.com/alitufan/zeomart/page-shop-list-v1.html]
[rrfonline.unlockdesizn.com/alitufan/zeomart/page-shop-list-v2.html]
[rrfonline.unlockdesizn.com/alitufan/zeomart/page-shop-list-v3.html]
[rrfonline.unlockdesizn.com/alitufan/zeomart/page-shop-list-v4.html]
[rrfonline.unlockdesizn.com/alitufan/zeomart/page-shop-list-v5.html]
[rrfonline.unlockdesizn.com/alitufan/zeomart/page-shop-list-v6.html]
[rrfonline.unlockdesizn.com/alitufan/zeomart/page-shop-list-v7.html]
[rrfonline.unlockdesizn.com/alitufan/zeomart/page-shop-list-v8.html]
[rrfonline.unlockdesizn.com/alitufan/zeomart/page-shop-single-v1.html]
[rrfonline.unlockdesizn.com/alitufan/zeomart/page-shop-single-v2.html]
[rrfonline.unlockdesizn.com/alitufan/zeomart/page-shop-single-v3.html]
[rrfonline.unlockdesizn.com/alitufan/zeomart/page-shop-single-v4.html]
[rrfonline.unlockdesizn.com/alitufan/zeomart/page-shop-single-v5.html]
[rrfonline.unlockdesizn.com/alitufan/zeomart/page-shop-single-color-switch.html]
[rrfonline.unlockdesizn.com/alitufan/zeomart/page-shop-single-image-switch.html]
[rrfonline.unlockdesizn.com/alitufan/zeomart/page-shop-single-countdown.html]
[rrfonline.unlockdesizn.com/alitufan/zeomart/page-shop-single-external-product.html]
[rrfonline.unlockdesizn.com/alitufan/zeomart/page-shop-single-grouped-product.html]
[rrfonline.unlockdesizn.com/alitufan/zeomart/page-shop-single-bought-together.html]
[rrfonline.unlockdesizn.com/alitufan/zeomart/page-dashboard.html]
[rrfonline.unlockdesizn.com/alitufan/zeomart/page-dashboard-order.html]
[rrfonline.unlockdesizn.com/alitufan/zeomart/page-login.html]
[rrfonline.unlockdesizn.com/alitufan/zeomart/page-shop-cart.html]
[rrfonline.unlockdesizn.com/alitufan/zeomart/page-shop-checkout.html]
[rrfonline.unlockdesizn.com/alitufan/zeomart/page-shop-order-received.html]
[rrfonline.unlockdesizn.com/alitufan/zeomart/page-account-details.html]
[rrfonline.unlockdesizn.com/alitufan/zeomart/page-compare.html]
[rrfonline.unlockdesizn.com/alitufan/zeomart/page-order-tracking.html]
[rrfonline.unlockdesizn.com/alitufan/zeomart/images/banner/smartwatch.png]
[rrfonline.unlockdesizn.com/alitufan/zeomart/images/banner/earphone.png]
[rrfonline.unlockdesizn.com/alitufan/zeomart/page-about.html]
[rrfonline.unlockdesizn.com/alitufan/zeomart/page-account-order.html]
[rrfonline.unlockdesizn.com/alitufan/zeomart/page-account-address.html]
[rrfonline.unlockdesizn.com/alitufan/zeomart/page-account-invoice.html]
[rrfonline.unlockdesizn.com/alitufan/zeomart/page-become-vendor.html]
[rrfonline.unlockdesizn.com/alitufan/zeomart/page-vendor-list.html]
[rrfonline.unlockdesizn.com/alitufan/zeomart/page-vendor-single.html]
[rrfonline.unlockdesizn.com/alitufan/zeomart/page-dashboard-products.html]
[rrfonline.unlockdesizn.com/alitufan/zeomart/page-dashboard-customer.html]
[rrfonline.unlockdesizn.com/alitufan/zeomart/page-dashboard-categories.html]
[rrfonline.unlockdesizn.com/alitufan/zeomart/page-dashboard-message.html]
[rrfonline.unlockdesizn.com/alitufan/zeomart/page-dashboard-setting.html]
[rrfonline.unlockdesizn.com/alitufan/zeomart/page-brands.html]
[rrfonline.unlockdesizn.com/alitufan/zeomart/page-contact.html]
[rrfonline.unlockdesizn.com/alitufan/zeomart/page-coming-soon.html]
[rrfonline.unlockdesizn.com/alitufan/zeomart/page-error.html]
[rrfonline.unlockdesizn.com/alitufan/zeomart/page-faq.html]
[rrfonline.unlockdesizn.com/alitufan/zeomart/page-invoices.html]
[rrfonline.unlockdesizn.com/alitufan/zeomart/page-register.html]
[rrfonline.unlockdesizn.com/alitufan/zeomart/page-terms.html]
[rrfonline.unlockdesizn.com/alitufan/zeomart/page-ui-element.html]
[rrfonline.unlockdesizn.com/alitufan/zeomart/page-blog-grid.html]
[rrfonline.unlockdesizn.com/alitufan/zeomart/page-blog-grid-sidebar.html]
[rrfonline.unlockdesizn.com/alitufan/zeomart/page-blog-details.html]
[rrfonline.unlockdesizn.com/alitufan/zeomart/page-blog-list.html]
[rrfonline.unlockdesizn.com/alitufan/zeomart/page-blog-single.html]
[rrfonline.unlockdesizn.com/alitufan/zeomart/page-blog-single2.html]
[rrfonline.unlockdesizn.com/alitufan/zeomart/images/shop/s1.png]
[rrfonline.unlockdesizn.com/alitufan/zeomart/images/shop/s2.png]
[rrfonline.unlockdesizn.com/alitufan/zeomart/images/banner/home4-hero-banner.png]
[rrfonline.unlockdesizn.com/alitufan/zeomart/images/banner/banner-iphone.png]
[rrfonline.unlockdesizn.com/alitufan/zeomart/images/banner/banner-belt.png]
[rrfonline.unlockdesizn.com/alitufan/zeomart/images/banner/toilet-paper.png]
[rrfonline.unlockdesizn.com/alitufan/zeomart/images/banner/shoe.png]
[rrfonline.unlockdesizn.com/alitufan/zeomart/images/banner/bag.png]
[rrfonline.unlockdesizn.com/alitufan/zeomart/images/banner/women-sports-product.png]
[rrfonline.unlockdesizn.com/alitufan/zeomart/images/shop-items/epb1.png]
[rrfonline.unlockdesizn.com/alitufan/zeomart/images/shop-items/epb2.png]
[rrfonline.unlockdesizn.com/alitufan/zeomart/images/shop-items/epb3.png]
[rrfonline.unlockdesizn.com/alitufan/zeomart/images/shop-items/epb4.png]
[rrfonline.unlockdesizn.com/alitufan/zeomart/images/shop-items/epb5.png]
[rrfonline.unlockdesizn.com/alitufan/zeomart/images/shop-items/epb6.png]
[rrfonline.unlockdesizn.com/alitufan/zeomart/images/shop-items/epb7.png]
[rrfonline.unlockdesizn.com/alitufan/zeomart/images/shop-items/epb8.png]
[rrfonline.unlockdesizn.com/alitufan/zeomart/images/shop-items/belt-home4.png]
[rrfonline.unlockdesizn.com/alitufan/zeomart/images/shop-items/mascara-home4.png]
[rrfonline.unlockdesizn.com/alitufan/zeomart/images/shop-items/bslm1.png]
[rrfonline.unlockdesizn.com/alitufan/zeomart/images/shop-items/bslm2.png]
[rrfonline.unlockdesizn.com/alitufan/zeomart/images/shop-items/bslm3.png]
[rrfonline.unlockdesizn.com/alitufan/zeomart/images/shop-items/bslm4.png]
[rrfonline.unlockdesizn.com/alitufan/zeomart/images/shop-items/bslm5.png]
[rrfonline.unlockdesizn.com/alitufan/zeomart/images/shop-items/ring-home4.png]
[rrfonline.unlockdesizn.com/alitufan/zeomart/images/banner/banner7-home4.png]
[rrfonline.unlockdesizn.com/alitufan/zeomart/images/shop-items/shop-item3.png]
[rrfonline.unlockdesizn.com/alitufan/zeomart/images/shop-items/shop-item23.png]
[rrfonline.unlockdesizn.com/alitufan/zeomart/images/shop-items/shop-item24.png]
[rrfonline.unlockdesizn.com/alitufan/zeomart/images/shop-items/shop-item25.png]
[rrfonline.unlockdesizn.com/alitufan/zeomart/images/shop-items/shop-item26.png]
[rrfonline.unlockdesizn.com/alitufan/zeomart/images/banner/banner8-home4.png]
[rrfonline.unlockdesizn.com/alitufan/zeomart/images/shop-items/consol-table-home4.png]
[rrfonline.unlockdesizn.com/alitufan/zeomart/images/shop-items/swivel-office-chair-home4.png]
[rrfonline.unlockdesizn.com/alitufan/zeomart/images/shop-items/upholstered-home4.png]
[rrfonline.unlockdesizn.com/alitufan/zeomart/images/shop-items/makeup-tool-home4.png]
[rrfonline.unlockdesizn.com/alitufan/zeomart/images/shop-items/swivel-chair-home4.png]
[rrfonline.unlockdesizn.com/alitufan/zeomart/images/banner/banner9-home4.png]
[rrfonline.unlockdesizn.com/alitufan/zeomart/images/shop-items/olaplex-home4.png]
[rrfonline.unlockdesizn.com/alitufan/zeomart/images/shop-items/denorex-home4.png]
[rrfonline.unlockdesizn.com/alitufan/zeomart/images/shop-items/cream-home4.png]
[rrfonline.unlockdesizn.com/alitufan/zeomart/images/shop-items/shampoo-home4.png]
[rrfonline.unlockdesizn.com/alitufan/zeomart/images/banner/banner10-home4.png]
[rrfonline.unlockdesizn.com/alitufan/zeomart/images/shop-items/huddy-home4.png]
[rrfonline.unlockdesizn.com/alitufan/zeomart/images/shop-items/slipper-home4.png]
[rrfonline.unlockdesizn.com/alitufan/zeomart/images/shop-items/undergarment-home4.png]
[rrfonline.unlockdesizn.com/alitufan/zeomart/images/shop-items/crossbodybag-home4.png]
[rrfonline.unlockdesizn.com/alitufan/zeomart/images/shop-items/epc1.png]
[rrfonline.unlockdesizn.com/alitufan/zeomart/images/shop-items/epc2.png]
[rrfonline.unlockdesizn.com/alitufan/zeomart/images/shop-items/epc3.png]
[rrfonline.unlockdesizn.com/alitufan/zeomart/images/shop-items/epc4.png]
[rrfonline.unlockdesizn.com/alitufan/zeomart/images/shop-items/epc5.png]
[rrfonline.unlockdesizn.com/alitufan/zeomart/images/shop-items/epc6.png]
[rrfonline.unlockdesizn.com/alitufan/zeomart/images/shop-items/epc7.png]
[rrfonline.unlockdesizn.com/alitufan/zeomart/images/shop-items/epc8.png]
[rrfonline.unlockdesizn.com/alitufan/zeomart/images/shop-items/epc9.png]
[rrfonline.unlockdesizn.com/alitufan/zeomart/images/shop-items/epc10.png]
[rrfonline.unlockdesizn.com/alitufan/zeomart/images/shop-items/bslm7.png]
[rrfonline.unlockdesizn.com/alitufan/zeomart/images/resource/visa-card.png]
[rrfonline.unlockdesizn.com/alitufan/zeomart/images/resource/master-card.png]
[rrfonline.unlockdesizn.com/alitufan/zeomart/images/resource/apple-pay.png]
[rrfonline.unlockdesizn.com/alitufan/zeomart/images/resource/discover-card.png]
[rrfonline.unlockdesizn.com/alitufan/zeomart/images/resource/paypal.png]
[rrfonline.unlockdesizn.com/alitufan/zeomart/images/resource/amex-card.png]
[rrfonline.unlockdesizn.com/alitufan/zeomart/js/jquery-migrate-3.0.0.min.js]
[rrfonline.unlockdesizn.com/alitufan/zeomart/js/popper.min.js]
[rrfonline.unlockdesizn.com/alitufan/zeomart/js/jquery-3.6.0.js]
[rrfonline.unlockdesizn.com/alitufan/zeomart/js/bootstrap.min.js]
[rrfonline.unlockdesizn.com/alitufan/zeomart/js/jquery.mmenu.all.js]
[rrfonline.unlockdesizn.com/alitufan/zeomart/js/bootstrap-select.min.js]
[rrfonline.unlockdesizn.com/alitufan/zeomart/js/ace-responsive-menu.js]
[rrfonline.unlockdesizn.com/alitufan/zeomart/js/jquery-scrolltofixed-min.js]
[rrfonline.unlockdesizn.com/alitufan/zeomart/js/wow.min.js]
[rrfonline.unlockdesizn.com/alitufan/zeomart/index4.html]
[rrfonline.unlockdesizn.com/alitufan/zeomart/css/bootstrap.min.css]
[rrfonline.unlockdesizn.com/alitufan/zeomart/css/ace-responsive-menu.css]
[rrfonline.unlockdesizn.com/alitufan/zeomart/js/script.js]
[rrfonline.unlockdesizn.com/alitufan/zeomart/js/slider.js]
[rrfonline.unlockdesizn.com/alitufan/zeomart/css/menu.css]
[rrfonline.unlockdesizn.com/alitufan/zeomart/fonts/webfonts/fa-brands-400.woff2]
[rrfonline.unlockdesizn.com/alitufan/zeomart/fonts/webfonts/fa-brands-400.woff]
[rrfonline.unlockdesizn.com/alitufan/zeomart/fonts/webfonts/fa-brands-400.ttf]
[rrfonline.unlockdesizn.com/alitufan/zeomart/fonts/webfonts/fa-duotone-900.woff2]
[rrfonline.unlockdesizn.com/alitufan/zeomart/fonts/webfonts/fa-duotone-900.woff]
[rrfonline.unlockdesizn.com/alitufan/zeomart/fonts/webfonts/fa-duotone-900.ttf]
[rrfonline.unlockdesizn.com/alitufan/zeomart/fonts/webfonts/fa-light-300.woff2]
[rrfonline.unlockdesizn.com/alitufan/zeomart/css/fontawesome.css]
